>>> from add_integer import add_integer

# Test with two integers
>>> add_integer(1, 2)
3

# Test with an integer and the default value
>>> add_integer(5)
103

# Test with two floats
>>> add_integer(2.5, 3.5)
5

# Test with an integer and a float
>>> add_integer(5, 3.2)
8

# Test with negative integers
>>> add_integer(-1, -2)
-3

# Test with negative floats
>>> add_integer(-1.5, -2.5)
-4

# Test with zero
>>> add_integer(0, 0)
0

# Test with non-integer or non-float types
>>> add_integer("string", 2)
Traceback (most recent call last):
    ...
TypeError: a must be an integer

>>> add_integer(2, "string")
Traceback (most recent call last):
    ...
TypeError: b must be an integer

>>> add_integer([1, 2], 2)
Traceback (most recent call last):
    ...
TypeError: a must be an integer
