>>> BaseGeometry = __import__('7-base_geometry').BaseGeometry

# Test creating a BaseGeometry instance
>>> bg = BaseGeometry()
>>> print(bg)
<7-base_geometry.BaseGeometry object at 0x...>
>>> isinstance(bg, BaseGeometry)
True

# Test the area method, which should raise an Exception
>>> bg.area()
Traceback (most recent call last):
    ...
Exception: area() is not implemented

# Test the integer_validator method for valid input
>>> bg.integer_validator("age", 5)

# Test integer_validator method for non-integer input
>>> bg.integer_validator("age", "five")
Traceback (most recent call last):
    ...
TypeError: age must be an integer

# Test integer_validator method for integer less than or equal to zero
>>> bg.integer_validator("age", 0)
Traceback (most recent call last):
    ...
ValueError: age must be greater than 0

>>> bg.integer_validator("age", -3)
Traceback (most recent call last):
    ...
ValueError: age must be greater than 0
