Tests for the class BaseGeometry
#################################
>>> BaseGeometry = __import__("7-base_geometry").BaseGeometry

>>> bg = BaseGeometry()
>>> bg.area()
Traceback (most recent call last):
...
Exception: area() is not implemented

>>> bg = BaseGeometry()
>>> bg.integer_validator("age", 0)
Traceback (most recent call last):
...
ValueError: age must be greater than 0
